Change Dir: 'E:/graphicsproject/cmake-build-debug'

Run Build Command(s): "E:/Program Files/CLion 2025.3.2/bin/ninja/win/x64/ninja.exe" -v -j 6 GraphicsAlgorithms
[1/3] "E:\Program Files\CLion 2025.3.2\bin\mingw\bin\g++.exe"  -IE:/graphicsproject/src -std=gnu++17 -fdiagnostics-color=always -MD -MT CMakeFiles/GraphicsAlgorithms.dir/src/App.cpp.obj -MF CMakeFiles\GraphicsAlgorithms.dir\src\App.cpp.obj.d -o CMakeFiles/GraphicsAlgorithms.dir/src/App.cpp.obj -c E:/graphicsproject/src/App.cpp
FAILED: CMakeFiles/GraphicsAlgorithms.dir/src/App.cpp.obj 
"E:\Program Files\CLion 2025.3.2\bin\mingw\bin\g++.exe"  -IE:/graphicsproject/src -std=gnu++17 -fdiagnostics-color=always -MD -MT CMakeFiles/GraphicsAlgorithms.dir/src/App.cpp.obj -MF CMakeFiles\GraphicsAlgorithms.dir\src\App.cpp.obj.d -o CMakeFiles/GraphicsAlgorithms.dir/src/App.cpp.obj -c E:/graphicsproject/src/App.cpp
[2/3] "E:\Program Files\CLion 2025.3.2\bin\mingw\bin\g++.exe"  -IE:/graphicsproject/src -std=gnu++17 -fdiagnostics-color=always -MD -MT CMakeFiles/GraphicsAlgorithms.dir/src/Storage.cpp.obj -MF CMakeFiles\GraphicsAlgorithms.dir\src\Storage.cpp.obj.d -o CMakeFiles/GraphicsAlgorithms.dir/src/Storage.cpp.obj -c E:/graphicsproject/src/Storage.cpp
FAILED: CMakeFiles/GraphicsAlgorithms.dir/src/Storage.cpp.obj 
"E:\Program Files\CLion 2025.3.2\bin\mingw\bin\g++.exe"  -IE:/graphicsproject/src -std=gnu++17 -fdiagnostics-color=always -MD -MT CMakeFiles/GraphicsAlgorithms.dir/src/Storage.cpp.obj -MF CMakeFiles\GraphicsAlgorithms.dir\src\Storage.cpp.obj.d -o CMakeFiles/GraphicsAlgorithms.dir/src/Storage.cpp.obj -c E:/graphicsproject/src/Storage.cpp
ninja: build stopped: subcommand failed.

